
   PASS  Tests\Feature\TemplateTest
  Ôťô it stores and retrieves a setting by key                            12.25s  
  Ôťô it returns the default value when a setting is missing               4.46s  
  Ôťô it overwrites an existing setting                                    3.37s  
  Ôťô it invalidates cache on save                                         3.99s  
  Ôťô it returns at least the default template                             6.57s  
  Ôťô it returns template metadata from template.json                      1.59s  
  Ôťô it ignores directories without template.json                         1.13s  
  Ôťô it returns default when no setting exists                            1.72s  
  Ôťô it returns the stored active template slug                           0.94s  
  Ôťô it memoizes the active template within the current request           0.90s  
  Ôťô it persists the active template in the settings table                1.02s  
  Ôťô it throws an exception when activating a non-existent template       1.06s  
  Ôťô it returns the correct absolute path for a template slug             1.00s  
  Ôťô it registers the template blade namespace                            1.04s  
  Ôťô it falls back to default views when active template view is missing  0.97s  
  Ôťô it active_template helper returns the active slug                    1.22s  

  Tests:    16 passed (27 assertions)
  Duration: 43.67s

